[2026-07-22 11:13:42] This is codeql database create --language=javascript --source-root=/Users/martin/Projects/open_weather_redux codeql-db
[2026-07-22 11:13:42] Log file was started late.
[2026-07-22 11:13:42] [PROGRESS] database create> Initializing database at /Users/martin/Projects/open_weather_redux/codeql-db.
[2026-07-22 11:13:42] Running plumbing command: codeql database init --language=javascript --extractor-options-verbosity=1 --qlconfig-file=/Users/martin/Projects/open_weather_redux/qlconfig.yml --source-root=/Users/martin/Projects/open_weather_redux --allow-missing-source-root=false --allow-already-existing -- /Users/martin/Projects/open_weather_redux/codeql-db
[2026-07-22 11:13:42] Calling plumbing command: codeql resolve languages --extractor-options-verbosity=1 --format=betterjson
[2026-07-22 11:13:43] [DETAILS] resolve languages> Scanning for [codeql-extractor.yml] from /usr/local/Caskroom/codeql/2.26.1/codeql/.codeqlmanifest.json
[2026-07-22 11:13:43] [DETAILS] resolve languages> Parsing /usr/local/Caskroom/codeql/2.26.1/codeql/go/codeql-extractor.yml.
[2026-07-22 11:13:43] [DETAILS] resolve languages> Parsing /usr/local/Caskroom/codeql/2.26.1/codeql/python/codeql-extractor.yml.
[2026-07-22 11:13:43] [DETAILS] resolve languages> Parsing /usr/local/Caskroom/codeql/2.26.1/codeql/rust/codeql-extractor.yml.
[2026-07-22 11:13:43] [DETAILS] resolve languages> Parsing /usr/local/Caskroom/codeql/2.26.1/codeql/java/codeql-extractor.yml.
[2026-07-22 11:13:43] [DETAILS] resolve languages> Parsing /usr/local/Caskroom/codeql/2.26.1/codeql/html/codeql-extractor.yml.
[2026-07-22 11:13:43] [DETAILS] resolve languages> Parsing /usr/local/Caskroom/codeql/2.26.1/codeql/xml/codeql-extractor.yml.
[2026-07-22 11:13:43] [DETAILS] resolve languages> Parsing /usr/local/Caskroom/codeql/2.26.1/codeql/properties/codeql-extractor.yml.
[2026-07-22 11:13:43] [DETAILS] resolve languages> Parsing /usr/local/Caskroom/codeql/2.26.1/codeql/cpp/codeql-extractor.yml.
[2026-07-22 11:13:43] [DETAILS] resolve languages> Parsing /usr/local/Caskroom/codeql/2.26.1/codeql/swift/codeql-extractor.yml.
[2026-07-22 11:13:43] [DETAILS] resolve languages> Parsing /usr/local/Caskroom/codeql/2.26.1/codeql/csv/codeql-extractor.yml.
[2026-07-22 11:13:43] [DETAILS] resolve languages> Parsing /usr/local/Caskroom/codeql/2.26.1/codeql/actions/codeql-extractor.yml.
[2026-07-22 11:13:43] [DETAILS] resolve languages> Parsing /usr/local/Caskroom/codeql/2.26.1/codeql/yaml/codeql-extractor.yml.
[2026-07-22 11:13:43] [DETAILS] resolve languages> Parsing /usr/local/Caskroom/codeql/2.26.1/codeql/csharp/codeql-extractor.yml.
[2026-07-22 11:13:43] [DETAILS] resolve languages> Parsing /usr/local/Caskroom/codeql/2.26.1/codeql/javascript/codeql-extractor.yml.
[2026-07-22 11:13:43] [DETAILS] resolve languages> Parsing /usr/local/Caskroom/codeql/2.26.1/codeql/ruby/codeql-extractor.yml.
[2026-07-22 11:13:43] Plumbing command codeql resolve languages completed:
                      {
                        "aliases" : {
                          "c" : "cpp",
                          "c++" : "cpp",
                          "c-c++" : "cpp",
                          "c-cpp" : "cpp",
                          "c#" : "csharp",
                          "java-kotlin" : "java",
                          "kotlin" : "java",
                          "javascript-typescript" : "javascript",
                          "typescript" : "javascript"
                        },
                        "extractors" : {
                          "go" : [
                            {
                              "extractor_root" : "/usr/local/Caskroom/codeql/2.26.1/codeql/go",
                              "extractor_options" : {
                                "extract_tests" : {
                                  "title" : "Whether to include Go test files in the CodeQL database.",
                                  "description" : "A value indicating whether Go test files should be included in the CodeQL database. The default is 'false'.\n",
                                  "type" : "string",
                                  "pattern" : "^(false|true)$"
                                },
                                "extract_vendor_dirs" : {
                                  "title" : "Whether to include Go vendor directories in the CodeQL database.",
                                  "description" : "A value indicating whether Go vendor directories should be included in the CodeQL database. The default is 'false'.\n",
                                  "type" : "string",
                                  "pattern" : "^(false|true)$"
                                }
                              }
                            }
                          ],
                          "python" : [
                            {
                              "extractor_root" : "/usr/local/Caskroom/codeql/2.26.1/codeql/python",
                              "extractor_options" : {
                                "logging" : {
                                  "title" : "Options pertaining to logging.",
                                  "description" : "Options pertaining to logging.",
                                  "type" : "object",
                                  "properties" : {
                                    "verbosity" : {
                                      "title" : "Python extractor logging verbosity level.",
                                      "description" : "Controls the level of verbosity of the CodeQL Python extractor.\nThe supported levels are (in order of increasing verbosity):\n\n  - off\n  - errors\n  - warnings\n  - info or progress\n  - debug or progress+\n  - trace or progress++\n  - progress+++\n",
                                      "type" : "string",
                                      "pattern" : "^(off|errors|warnings|(info|progress)|(debug|progress\\+)|(trace|progress\\+\\+)|progress\\+\\+\\+)$"
                                    }
                                  }
                                },
                                "python_executable_name" : {
                                  "title" : "Controls the name of the Python executable used by the Python extractor.",
                                  "description" : "The Python extractor uses platform-dependent heuristics to determine the name of the Python executable to use. Specifying a value for this option overrides the name of the Python executable used by the extractor. Accepted values are py, python and python3. Use this setting with caution, the Python extractor requires Python 3 to run.\n",
                                  "type" : "string",
                                  "pattern" : "^(py|python|python3)$"
                                }
                              }
                            }
                          ],
                          "rust" : [
                            {
                              "extractor_root" : "/usr/local/Caskroom/codeql/2.26.1/codeql/rust",
                              "extractor_options" : {
                                "trap" : {
                                  "title" : "Options pertaining to TRAP.",
                                  "description" : "Options pertaining to TRAP.",
                                  "type" : "object",
                                  "properties" : {
                                    "compression" : {
                                      "title" : "Controls compression for the TRAP files written by the extractor.",
                                      "description" : "This option is only intended for use in debugging the extractor. Accepted values are 'gzip' (to write gzip-compressed TRAP) 'zstd' (to write Zstandard-compressed TRAP) and 'none' (the default, to write uncompressed TRAP).\n",
                                      "type" : "string",
                                      "pattern" : "^(none|gzip|zstd)$"
                                    }
                                  }
                                },
                                "cargo_target_dir" : {
                                  "title" : "Directory to use for cargo output files.",
                                  "description" : "This value is an optional path to use as `CARGO_TARGET_DIR` for the internal cargo commands the extractor uses. Pointing it to a persistent directory may reduce execution time of consecutive extractor runs. By default, a new scratch directory is used for each run.\n",
                                  "type" : "string"
                                },
                                "cargo_target" : {
                                  "title" : "Target architecture",
                                  "description" : "Target architecture to use for analysis, analogous to `cargo --target`. By default the host architecture is used.\n",
                                  "type" : "string"
                                },
                                "cargo_features" : {
                                  "title" : "Cargo features to turn on",
                                  "description" : "Comma-separated list of features to turn on. By default all features are enabled. If any features are specified, then only those features are enabled. The `default` feature must be explicitly specified if only default features are desired. Can be repeated.\n",
                                  "type" : "array"
                                },
                                "cargo_cfg_overrides" : {
                                  "title" : "Cargo cfg overrides",
                                  "description" : "Comma-separated list of cfg settings to enable, or disable if prefixed with `-`. Can be repeated.\n",
                                  "type" : "array"
                                },
                                "logging" : {
                                  "title" : "Options pertaining to logging.",
                                  "description" : "Options pertaining to logging.",
                                  "type" : "object",
                                  "properties" : {
                                    "verbosity" : {
                                      "title" : "Extractor logging verbosity level.",
                                      "description" : "Controls the level of verbosity of the extractor. The supported levels are (in order of increasing verbosity):\n  - off\n  - errors\n  - warnings\n  - info or progress\n  - debug or progress+\n  - trace or progress++\n  - progress+++\n",
                                      "type" : "string",
                                      "pattern" : "^(off|errors|warnings|(info|progress)|(debug|progress\\+)|(trace|progress\\+\\+)|progress\\+\\+\\+)$"
                                    },
                                    "flamegraph" : {
                                      "title" : "[Experimental] File path for write flame graph log",
                                      "description" : "Collect flame graph data using the `tracing-flame` crate. To render a flame graph or chart, run the `inferno-flamegraph` command. See also: https://crates.io/crates/tracing-flame\n",
                                      "type" : "string"
                                    }
                                  }
                                },
                                "extract_dependencies_as_source" : {
                                  "title" : "Extract dependencies as source code",
                                  "description" : "Extract the full source code of dependencies instead of only extracting signatures.\n",
                                  "type" : "string",
                                  "pattern" : "^(false|true)$"
                                }
                              }
                            }
                          ],
                          "java" : [
                            {
                              "extractor_root" : "/usr/local/Caskroom/codeql/2.26.1/codeql/java",
                              "extractor_options" : {
                                "exclude" : {
                                  "title" : "A glob excluding files from analysis.",
                                  "description" : "A glob indicating what files to exclude from the analysis. This accepts glob patterns that are supported by Java's 'getPathMatcher' implementation.\n",
                                  "type" : "string"
                                },
                                "add_prefer_source" : {
                                  "title" : "Whether to always prefer source files over class files.",
                                  "description" : "A value indicating whether source files should be preferred over class files. If set to 'true', the extraction adds '-Xprefer:source' to the javac command line. If set to 'false', the extraction uses the default javac behavior ('-Xprefer:newer'). The default is 'true'.\n",
                                  "type" : "string",
                                  "pattern" : "^(false|true)$"
                                },
                                "buildless" : {
                                  "title" : "Whether to use buildless (standalone) extraction (experimental).",
                                  "description" : "A value indicating, which type of extraction the autobuilder should perform. If 'true', then the standalone extractor will be used, otherwise tracing extraction will be performed. The default is 'false'. Note that buildless extraction will generally yield less accurate analysis results, and should only be used in cases where it is not possible to build the code (for example if it uses inaccessible dependencies).\n",
                                  "type" : "string",
                                  "pattern" : "^(false|true)$"
                                },
                                "buildless_dependency_dir" : {
                                  "title" : "The path where buildless (standalone) extraction should keep dependencies.",
                                  "description" : "If set, the buildless (standalone) extractor will store dependencies in this directory.\n",
                                  "type" : "string"
                                },
                                "minimize_dependency_jars" : {
                                  "title" : "Whether to rewrite and minimize downloaded JAR dependencies (experimental).",
                                  "description" : "If 'true', JAR dependencies downloaded during extraction will be rewritten to remove unneeded data, such as method bodies. The default is 'false'.\n",
                                  "type" : "string",
                                  "pattern" : "^(false|true)$"
                                }
                              }
                            }
                          ],
                          "html" : [
                            {
                              "extractor_root" : "/usr/local/Caskroom/codeql/2.26.1/codeql/html"
                            }
                          ],
                          "xml" : [
                            {
                              "extractor_root" : "/usr/local/Caskroom/codeql/2.26.1/codeql/xml"
                            }
                          ],
                          "properties" : [
                            {
                              "extractor_root" : "/usr/local/Caskroom/codeql/2.26.1/codeql/properties"
                            }
                          ],
                          "cpp" : [
                            {
                              "extractor_root" : "/usr/local/Caskroom/codeql/2.26.1/codeql/cpp",
                              "extractor_options" : {
                                "scale_timeouts" : {
                                  "title" : "Value to scale compiler introspection timeouts with",
                                  "description" : "The extractor attempts to determine what compiler the source code being extracted is compiled with. To this end the extractor makes additional calls to the compiler, some of which are expected to return within a certain fixed time (either 10s or 15s). On some systems that are under high load this time might be too short, and can be scaled up using this option.\n",
                                  "type" : "string",
                                  "pattern" : "[0-9]+"
                                },
                                "log_verbosity" : {
                                  "title" : "Verbosity of the extractor logging",
                                  "description" : "Set the verbosity of the extractor logging to 'quiet' (0), 'normal' (1), 'chatty' (2), or 'noisy' (3). The default is 'normal'.\n",
                                  "type" : "string",
                                  "pattern" : "[0-3]"
                                }
                              }
                            }
                          ],
                          "swift" : [
                            {
                              "extractor_root" : "/usr/local/Caskroom/codeql/2.26.1/codeql/swift"
                            }
                          ],
                          "csv" : [
                            {
                              "extractor_root" : "/usr/local/Caskroom/codeql/2.26.1/codeql/csv"
                            }
                          ],
                          "actions" : [
                            {
                              "extractor_root" : "/usr/local/Caskroom/codeql/2.26.1/codeql/actions",
                              "extractor_options" : { }
                            }
                          ],
                          "yaml" : [
                            {
                              "extractor_root" : "/usr/local/Caskroom/codeql/2.26.1/codeql/yaml"
                            }
                          ],
                          "csharp" : [
                            {
                              "extractor_root" : "/usr/local/Caskroom/codeql/2.26.1/codeql/csharp",
                              "extractor_options" : {
                                "trap" : {
                                  "title" : "Options pertaining to TRAP.",
                                  "description" : "Options pertaining to TRAP.",
                                  "type" : "object",
                                  "properties" : {
                                    "compression" : {
                                      "title" : "Controls compression for the TRAP files written by the extractor.",
                                      "description" : "This option is only intended for use in debugging the extractor. Accepted values are 'brotli' (the default, to write brotli-compressed TRAP), 'gzip', and 'none' (to write uncompressed TRAP).\n",
                                      "type" : "string",
                                      "pattern" : "^(none|gzip|brotli)$"
                                    }
                                  }
                                },
                                "buildless" : {
                                  "title" : "DEPRECATED - Whether to use buildless (standalone) extraction.",
                                  "description" : "DEPRECATED: Use `--build-mode none` instead.\nA value indicating, which type of extraction the autobuilder should perform. If 'true', then the standalone extractor will be used, otherwise tracing extraction will be performed. The default is 'false'. Note that buildless extraction will generally yield less accurate analysis results, and should only be used in cases where it is not possible to build the code (for example if it uses inaccessible dependencies).\n",
                                  "type" : "string",
                                  "pattern" : "^(false|true)$"
                                },
                                "logging" : {
                                  "title" : "Options pertaining to logging.",
                                  "description" : "Options pertaining to logging.",
                                  "type" : "object",
                                  "properties" : {
                                    "verbosity" : {
                                      "title" : "Extractor logging verbosity level.",
                                      "description" : "Controls the level of verbosity of the extractor. The supported levels are (in order of increasing verbosity):\n  - off\n  - errors\n  - warnings\n  - info or progress\n  - debug or progress+\n  - trace or progress++\n  - progress+++\n",
                                      "type" : "string",
                                      "pattern" : "^(off|errors|warnings|(info|progress)|(debug|progress\\+)|(trace|progress\\+\\+)|progress\\+\\+\\+)$"
                                    }
                                  }
                                },
                                "binlog" : {
                                  "title" : "Binlog",
                                  "description" : "[EXPERIMENTAL] The value is a path to the MsBuild binary log file that should be extracted. This option only works when `--build-mode none` is also specified.\n",
                                  "type" : "array"
                                },
                                "buildless_dependency_dir" : {
                                  "title" : "The path where buildless (standalone) extraction should keep dependencies.",
                                  "description" : "If set, the buildless (standalone) extractor will store dependencies in this directory.\n",
                                  "type" : "string"
                                }
                              }
                            }
                          ],
                          "javascript" : [
                            {
                              "extractor_root" : "/usr/local/Caskroom/codeql/2.26.1/codeql/javascript",
                              "extractor_options" : {
                                "skip_types" : {
                                  "title" : "Skip type extraction for TypeScript",
                                  "description" : "Whether to skip the extraction of types in a TypeScript application",
                                  "type" : "string",
                                  "pattern" : "^(false|true)$"
                                }
                              }
                            }
                          ],
                          "ruby" : [
                            {
                              "extractor_root" : "/usr/local/Caskroom/codeql/2.26.1/codeql/ruby",
                              "extractor_options" : {
                                "trap" : {
                                  "title" : "Options pertaining to TRAP.",
                                  "description" : "Options pertaining to TRAP.",
                                  "type" : "object",
                                  "properties" : {
                                    "compression" : {
                                      "title" : "Controls compression for the TRAP files written by the extractor.",
                                      "description" : "This option is only intended for use in debugging the extractor. Accepted values are 'gzip' (the default, to write gzip-compressed TRAP) 'zstd' (to write Zstandard-compressed TRAP) and 'none' (to write uncompressed TRAP).\n",
                                      "type" : "string",
                                      "pattern" : "^(none|gzip|zstd)$"
                                    }
                                  }
                                }
                              }
                            }
                          ]
                        }
                      }
[2026-07-22 11:13:43] [PROGRESS] database init> Calculating baseline information in /Users/martin/Projects/open_weather_redux
[2026-07-22 11:13:43] [SPAMMY] database init> Ignoring the following directories when processing baseline information: .git, .hg, .svn.
[2026-07-22 11:13:43] [DETAILS] database init> Running command in /Users/martin/Projects/open_weather_redux: /usr/local/Caskroom/codeql/2.26.1/codeql/tools/osx64/scc --by-file --exclude-dir .git,.hg,.svn --format json --no-large --no-min .
[2026-07-22 11:13:44] Using configure-baseline script /usr/local/Caskroom/codeql/2.26.1/codeql/javascript/tools/configure-baseline.sh.
[2026-07-22 11:13:44] [PROGRESS] database init> Running command in /Users/martin/Projects/open_weather_redux: [/usr/local/Caskroom/codeql/2.26.1/codeql/javascript/tools/configure-baseline.sh]
[2026-07-22 11:13:44] Using configure-baseline script /usr/local/Caskroom/codeql/2.26.1/codeql/actions/tools/configure-baseline.sh.
[2026-07-22 11:13:44] [PROGRESS] database init> Running command in /Users/martin/Projects/open_weather_redux: [/usr/local/Caskroom/codeql/2.26.1/codeql/actions/tools/configure-baseline.sh]
[2026-07-22 11:13:45] [SPAMMY] database init> Found 12 baseline files for javascript.
[2026-07-22 11:13:45] [SPAMMY] database init> Found 2 baseline files for actions.
[2026-07-22 11:13:45] [PROGRESS] database init> Calculated baseline information for languages: actions, javascript (1.8s).
[2026-07-22 11:13:45] [SPAMMY] database init> Selected JGit Git client for /Users/martin/Projects/open_weather_redux because the repository uses SHA-1 object format.
[2026-07-22 11:13:45] [PROGRESS] database init> Resolving extractor javascript.
[2026-07-22 11:13:45] [DETAILS] database init> Found candidate extractor root for javascript: /usr/local/Caskroom/codeql/2.26.1/codeql/javascript.
[2026-07-22 11:13:45] [PROGRESS] database init> Successfully loaded extractor JavaScript/TypeScript (javascript) from /usr/local/Caskroom/codeql/2.26.1/codeql/javascript.
[2026-07-22 11:13:45] [SPAMMY] database init> Determining macOS System Integrity Protection status...
[2026-07-22 11:13:45] [SPAMMY] database init> Running command [/usr/bin/csrutil, status].
[2026-07-22 11:13:45] [SPAMMY] database init> SIP is enabled.
[2026-07-22 11:13:45] [PROGRESS] database init> Created skeleton CodeQL database at /Users/martin/Projects/open_weather_redux/codeql-db. This in-progress database is ready to be populated by an extractor.
[2026-07-22 11:13:45] Plumbing command codeql database init completed.
[2026-07-22 11:13:45] [PROGRESS] database create> Running build command: []
[2026-07-22 11:13:45] Running plumbing command: codeql database trace-command --working-dir=/Users/martin/Projects/open_weather_redux --index-traceless-dbs --no-db-cluster -- /Users/martin/Projects/open_weather_redux/codeql-db
[2026-07-22 11:13:45] Using autobuild script /usr/local/Caskroom/codeql/2.26.1/codeql/javascript/tools/autobuild.sh.
[2026-07-22 11:13:45] [PROGRESS] database trace-command> Running command in /Users/martin/Projects/open_weather_redux: [/usr/local/Caskroom/codeql/2.26.1/codeql/javascript/tools/autobuild.sh]
[2026-07-22 11:13:46] [build-stdout] Single-threaded extraction.
[2026-07-22 11:14:07] [build-stdout] Extracting /Users/martin/Projects/open_weather_redux/build/index.html
[2026-07-22 11:14:07] [build-stdout] Done extracting /Users/martin/Projects/open_weather_redux/build/index.html (241 ms)
[2026-07-22 11:14:07] [build-stdout] Extracting /Users/martin/Projects/open_weather_redux/public/index.html
[2026-07-22 11:14:07] [build-stdout] Done extracting /Users/martin/Projects/open_weather_redux/public/index.html (5 ms)
[2026-07-22 11:14:07] [build-stdout] Extracting /Users/martin/Projects/open_weather_redux/build/static/js/main.2a01b3cc.js
[2026-07-22 11:14:07] [build-stderr] Skipping file /Users/martin/Projects/open_weather_redux/build/static/js/main.2a01b3cc.js: File appears to be minified.
[2026-07-22 11:14:07] [build-stdout] Done extracting /Users/martin/Projects/open_weather_redux/build/static/js/main.2a01b3cc.js (16 ms)
[2026-07-22 11:14:07] [build-stdout] Extracting /Users/martin/Projects/open_weather_redux/.github/workflows/ci.yml
[2026-07-22 11:14:07] [build-stdout] Done extracting /Users/martin/Projects/open_weather_redux/.github/workflows/ci.yml (42 ms)
[2026-07-22 11:14:07] [build-stdout] Extracting /Users/martin/Projects/open_weather_redux/.github/workflows/code-quality.yml
[2026-07-22 11:14:07] [build-stdout] Done extracting /Users/martin/Projects/open_weather_redux/.github/workflows/code-quality.yml (5 ms)
[2026-07-22 11:14:07] [build-stdout] Extracting /Users/martin/Projects/open_weather_redux/src/actions/index.js
[2026-07-22 11:14:07] [build-stdout] Done extracting /Users/martin/Projects/open_weather_redux/src/actions/index.js (117 ms)
[2026-07-22 11:14:07] [build-stdout] Extracting /Users/martin/Projects/open_weather_redux/src/components/Card.js
[2026-07-22 11:14:07] [build-stdout] Done extracting /Users/martin/Projects/open_weather_redux/src/components/Card.js (25 ms)
[2026-07-22 11:14:07] [build-stdout] Extracting /Users/martin/Projects/open_weather_redux/src/components/CurrentKPIs.js
[2026-07-22 11:14:07] [build-stdout] Done extracting /Users/martin/Projects/open_weather_redux/src/components/CurrentKPIs.js (63 ms)
[2026-07-22 11:14:07] [build-stdout] Extracting /Users/martin/Projects/open_weather_redux/src/components/Dashboard.js
[2026-07-22 11:14:07] [build-stdout] Done extracting /Users/martin/Projects/open_weather_redux/src/components/Dashboard.js (28 ms)
[2026-07-22 11:14:07] [build-stdout] Extracting /Users/martin/Projects/open_weather_redux/src/reducers/index.js
[2026-07-22 11:14:07] [build-stdout] Done extracting /Users/martin/Projects/open_weather_redux/src/reducers/index.js (5 ms)
[2026-07-22 11:14:07] [build-stdout] Extracting /Users/martin/Projects/open_weather_redux/src/reducers/weather.js
[2026-07-22 11:14:07] [build-stdout] Done extracting /Users/martin/Projects/open_weather_redux/src/reducers/weather.js (8 ms)
[2026-07-22 11:14:07] [build-stdout] Extracting /Users/martin/Projects/open_weather_redux/src/store/configureStore.js
[2026-07-22 11:14:07] [build-stdout] Done extracting /Users/martin/Projects/open_weather_redux/src/store/configureStore.js (5 ms)
[2026-07-22 11:14:07] [build-stdout] Extracting /Users/martin/Projects/open_weather_redux/src/tests/Card.test.js
[2026-07-22 11:14:07] [build-stdout] Done extracting /Users/martin/Projects/open_weather_redux/src/tests/Card.test.js (24 ms)
[2026-07-22 11:14:07] [build-stdout] Extracting /Users/martin/Projects/open_weather_redux/src/tests/CurrentKPIs.test.js
[2026-07-22 11:14:07] [build-stdout] Done extracting /Users/martin/Projects/open_weather_redux/src/tests/CurrentKPIs.test.js (20 ms)
[2026-07-22 11:14:07] [build-stdout] Extracting /Users/martin/Projects/open_weather_redux/build/manifest.json
[2026-07-22 11:14:07] [build-stdout] Done extracting /Users/martin/Projects/open_weather_redux/build/manifest.json (8 ms)
[2026-07-22 11:14:07] [build-stdout] Extracting /Users/martin/Projects/open_weather_redux/public/manifest.json
[2026-07-22 11:14:07] [build-stdout] Done extracting /Users/martin/Projects/open_weather_redux/public/manifest.json (5 ms)
[2026-07-22 11:14:07] [build-stdout] Extracting /Users/martin/Projects/open_weather_redux/src/index.js
[2026-07-22 11:14:07] [build-stdout] Done extracting /Users/martin/Projects/open_weather_redux/src/index.js (9 ms)
[2026-07-22 11:14:07] [build-stdout] Extracting /Users/martin/Projects/open_weather_redux/src/reportWebVitals.js
[2026-07-22 11:14:07] [build-stdout] Done extracting /Users/martin/Projects/open_weather_redux/src/reportWebVitals.js (10 ms)
[2026-07-22 11:14:07] [build-stdout] Extracting /Users/martin/Projects/open_weather_redux/src/setupTests.js
[2026-07-22 11:14:07] [build-stdout] Done extracting /Users/martin/Projects/open_weather_redux/src/setupTests.js (4 ms)
[2026-07-22 11:14:07] [build-stdout] Extracting /Users/martin/Projects/open_weather_redux/package.json
[2026-07-22 11:14:07] [build-stdout] Done extracting /Users/martin/Projects/open_weather_redux/package.json (6 ms)
[2026-07-22 11:14:07] [build-stderr] No externs trap cache found
[2026-07-22 11:14:07] [build-stdout] Extracting /usr/local/Caskroom/codeql/2.26.1/codeql/javascript/tools/data/externs/nodejs/constants.js
[2026-07-22 11:14:08] [build-stdout] Done extracting /usr/local/Caskroom/codeql/2.26.1/codeql/javascript/tools/data/externs/nodejs/constants.js (340 ms)
[2026-07-22 11:14:08] [build-stdout] Extracting /usr/local/Caskroom/codeql/2.26.1/codeql/javascript/tools/data/externs/nodejs/net.js
[2026-07-22 11:14:08] [build-stdout] Done extracting /usr/local/Caskroom/codeql/2.26.1/codeql/javascript/tools/data/externs/nodejs/net.js (74 ms)
[2026-07-22 11:14:08] [build-stdout] Extracting /usr/local/Caskroom/codeql/2.26.1/codeql/javascript/tools/data/externs/nodejs/globals.js
[2026-07-22 11:14:08] [build-stdout] Done extracting /usr/local/Caskroom/codeql/2.26.1/codeql/javascript/tools/data/externs/nodejs/globals.js (271 ms)
[2026-07-22 11:14:08] [build-stdout] Extracting /usr/local/Caskroom/codeql/2.26.1/codeql/javascript/tools/data/externs/nodejs/events.js
[2026-07-22 11:14:08] [build-stdout] Done extracting /usr/local/Caskroom/codeql/2.26.1/codeql/javascript/tools/data/externs/nodejs/events.js (13 ms)
[2026-07-22 11:14:08] [build-stdout] Extracting /usr/local/Caskroom/codeql/2.26.1/codeql/javascript/tools/data/externs/nodejs/repl.js
[2026-07-22 11:14:08] [build-stdout] Done extracting /usr/local/Caskroom/codeql/2.26.1/codeql/javascript/tools/data/externs/nodejs/repl.js (15 ms)
[2026-07-22 11:14:08] [build-stdout] Extracting /usr/local/Caskroom/codeql/2.26.1/codeql/javascript/tools/data/externs/nodejs/util.js
[2026-07-22 11:14:08] [build-stdout] Done extracting /usr/local/Caskroom/codeql/2.26.1/codeql/javascript/tools/data/externs/nodejs/util.js (31 ms)
[2026-07-22 11:14:08] [build-stdout] Extracting /usr/local/Caskroom/codeql/2.26.1/codeql/javascript/tools/data/externs/nodejs/dgram.js
[2026-07-22 11:14:08] [build-stdout] Done extracting /usr/local/Caskroom/codeql/2.26.1/codeql/javascript/tools/data/externs/nodejs/dgram.js (22 ms)
[2026-07-22 11:14:08] [build-stdout] Extracting /usr/local/Caskroom/codeql/2.26.1/codeql/javascript/tools/data/externs/nodejs/vm.js
[2026-07-22 11:14:08] [build-stdout] Done extracting /usr/local/Caskroom/codeql/2.26.1/codeql/javascript/tools/data/externs/nodejs/vm.js (19 ms)
[2026-07-22 11:14:08] [build-stdout] Extracting /usr/local/Caskroom/codeql/2.26.1/codeql/javascript/tools/data/externs/nodejs/stream.js
[2026-07-22 11:14:08] [build-stdout] Done extracting /usr/local/Caskroom/codeql/2.26.1/codeql/javascript/tools/data/externs/nodejs/stream.js (139 ms)
[2026-07-22 11:14:08] [build-stdout] Extracting /usr/local/Caskroom/codeql/2.26.1/codeql/javascript/tools/data/externs/nodejs/child_process.js
[2026-07-22 11:14:08] [build-stdout] Done extracting /usr/local/Caskroom/codeql/2.26.1/codeql/javascript/tools/data/externs/nodejs/child_process.js (65 ms)
[2026-07-22 11:14:08] [build-stdout] Extracting /usr/local/Caskroom/codeql/2.26.1/codeql/javascript/tools/data/externs/nodejs/assert.js
[2026-07-22 11:14:08] [build-stdout] Done extracting /usr/local/Caskroom/codeql/2.26.1/codeql/javascript/tools/data/externs/nodejs/assert.js (12 ms)
[2026-07-22 11:14:08] [build-stdout] Extracting /usr/local/Caskroom/codeql/2.26.1/codeql/javascript/tools/data/externs/nodejs/os.js
[2026-07-22 11:14:08] [build-stdout] Done extracting /usr/local/Caskroom/codeql/2.26.1/codeql/javascript/tools/data/externs/nodejs/os.js (21 ms)
[2026-07-22 11:14:08] [build-stdout] Extracting /usr/local/Caskroom/codeql/2.26.1/codeql/javascript/tools/data/externs/nodejs/console.js
[2026-07-22 11:14:08] [build-stdout] Done extracting /usr/local/Caskroom/codeql/2.26.1/codeql/javascript/tools/data/externs/nodejs/console.js (4 ms)
[2026-07-22 11:14:08] [build-stdout] Extracting /usr/local/Caskroom/codeql/2.26.1/codeql/javascript/tools/data/externs/nodejs/readline.js
[2026-07-22 11:14:08] [build-stdout] Done extracting /usr/local/Caskroom/codeql/2.26.1/codeql/javascript/tools/data/externs/nodejs/readline.js (17 ms)
[2026-07-22 11:14:08] [build-stdout] Extracting /usr/local/Caskroom/codeql/2.26.1/codeql/javascript/tools/data/externs/nodejs/punycode.js
[2026-07-22 11:14:08] [build-stdout] Done extracting /usr/local/Caskroom/codeql/2.26.1/codeql/javascript/tools/data/externs/nodejs/punycode.js (7 ms)
[2026-07-22 11:14:08] [build-stdout] Extracting /usr/local/Caskroom/codeql/2.26.1/codeql/javascript/tools/data/externs/nodejs/https.js
[2026-07-22 11:14:08] [build-stdout] Done extracting /usr/local/Caskroom/codeql/2.26.1/codeql/javascript/tools/data/externs/nodejs/https.js (18 ms)
[2026-07-22 11:14:08] [build-stdout] Extracting /usr/local/Caskroom/codeql/2.26.1/codeql/javascript/tools/data/externs/nodejs/domain.js
[2026-07-22 11:14:08] [build-stdout] Done extracting /usr/local/Caskroom/codeql/2.26.1/codeql/javascript/tools/data/externs/nodejs/domain.js (9 ms)
[2026-07-22 11:14:08] [build-stdout] Extracting /usr/local/Caskroom/codeql/2.26.1/codeql/javascript/tools/data/externs/nodejs/dns.js
[2026-07-22 11:14:08] [build-stdout] Done extracting /usr/local/Caskroom/codeql/2.26.1/codeql/javascript/tools/data/externs/nodejs/dns.js (22 ms)
[2026-07-22 11:14:08] [build-stdout] Extracting /usr/local/Caskroom/codeql/2.26.1/codeql/javascript/tools/data/externs/nodejs/assert_legacy.js
[2026-07-22 11:14:08] [build-stdout] Done extracting /usr/local/Caskroom/codeql/2.26.1/codeql/javascript/tools/data/externs/nodejs/assert_legacy.js (3 ms)
[2026-07-22 11:14:08] [build-stdout] Extracting /usr/local/Caskroom/codeql/2.26.1/codeql/javascript/tools/data/externs/nodejs/tty.js
[2026-07-22 11:14:08] [build-stdout] Done extracting /usr/local/Caskroom/codeql/2.26.1/codeql/javascript/tools/data/externs/nodejs/tty.js (9 ms)
[2026-07-22 11:14:08] [build-stdout] Extracting /usr/local/Caskroom/codeql/2.26.1/codeql/javascript/tools/data/externs/nodejs/timers.js
[2026-07-22 11:14:08] [build-stdout] Done extracting /usr/local/Caskroom/codeql/2.26.1/codeql/javascript/tools/data/externs/nodejs/timers.js (12 ms)
[2026-07-22 11:14:08] [build-stdout] Extracting /usr/local/Caskroom/codeql/2.26.1/codeql/javascript/tools/data/externs/nodejs/querystring.js
[2026-07-22 11:14:08] [build-stdout] Done extracting /usr/local/Caskroom/codeql/2.26.1/codeql/javascript/tools/data/externs/nodejs/querystring.js (10 ms)
[2026-07-22 11:14:08] [build-stdout] Extracting /usr/local/Caskroom/codeql/2.26.1/codeql/javascript/tools/data/externs/nodejs/module.js
[2026-07-22 11:14:08] [build-stdout] Done extracting /usr/local/Caskroom/codeql/2.26.1/codeql/javascript/tools/data/externs/nodejs/module.js (8 ms)
[2026-07-22 11:14:08] [build-stdout] Extracting /usr/local/Caskroom/codeql/2.26.1/codeql/javascript/tools/data/externs/nodejs/sys.js
[2026-07-22 11:14:08] [build-stdout] Done extracting /usr/local/Caskroom/codeql/2.26.1/codeql/javascript/tools/data/externs/nodejs/sys.js (3 ms)
[2026-07-22 11:14:08] [build-stdout] Extracting /usr/local/Caskroom/codeql/2.26.1/codeql/javascript/tools/data/externs/nodejs/path.js
[2026-07-22 11:14:08] [build-stdout] Done extracting /usr/local/Caskroom/codeql/2.26.1/codeql/javascript/tools/data/externs/nodejs/path.js (30 ms)
[2026-07-22 11:14:08] [build-stdout] Extracting /usr/local/Caskroom/codeql/2.26.1/codeql/javascript/tools/data/externs/nodejs/string_decoder.js
[2026-07-22 11:14:08] [build-stdout] Done extracting /usr/local/Caskroom/codeql/2.26.1/codeql/javascript/tools/data/externs/nodejs/string_decoder.js (6 ms)
[2026-07-22 11:14:08] [build-stdout] Extracting /usr/local/Caskroom/codeql/2.26.1/codeql/javascript/tools/data/externs/nodejs/cluster.js
[2026-07-22 11:14:08] [build-stdout] Done extracting /usr/local/Caskroom/codeql/2.26.1/codeql/javascript/tools/data/externs/nodejs/cluster.js (78 ms)
[2026-07-22 11:14:08] [build-stdout] Extracting /usr/local/Caskroom/codeql/2.26.1/codeql/javascript/tools/data/externs/nodejs/v8.js
[2026-07-22 11:14:09] [build-stdout] Done extracting /usr/local/Caskroom/codeql/2.26.1/codeql/javascript/tools/data/externs/nodejs/v8.js (6 ms)
[2026-07-22 11:14:09] [build-stdout] Extracting /usr/local/Caskroom/codeql/2.26.1/codeql/javascript/tools/data/externs/nodejs/crypto.js
[2026-07-22 11:14:09] [build-stdout] Done extracting /usr/local/Caskroom/codeql/2.26.1/codeql/javascript/tools/data/externs/nodejs/crypto.js (63 ms)
[2026-07-22 11:14:09] [build-stdout] Extracting /usr/local/Caskroom/codeql/2.26.1/codeql/javascript/tools/data/externs/nodejs/zlib.js
[2026-07-22 11:14:09] [build-stdout] Done extracting /usr/local/Caskroom/codeql/2.26.1/codeql/javascript/tools/data/externs/nodejs/zlib.js (31 ms)
[2026-07-22 11:14:09] [build-stdout] Extracting /usr/local/Caskroom/codeql/2.26.1/codeql/javascript/tools/data/externs/nodejs/url.js
[2026-07-22 11:14:09] [build-stdout] Done extracting /usr/local/Caskroom/codeql/2.26.1/codeql/javascript/tools/data/externs/nodejs/url.js (7 ms)
[2026-07-22 11:14:09] [build-stdout] Extracting /usr/local/Caskroom/codeql/2.26.1/codeql/javascript/tools/data/externs/nodejs/tls.js
[2026-07-22 11:14:09] [build-stdout] Done extracting /usr/local/Caskroom/codeql/2.26.1/codeql/javascript/tools/data/externs/nodejs/tls.js (36 ms)
[2026-07-22 11:14:09] [build-stdout] Extracting /usr/local/Caskroom/codeql/2.26.1/codeql/javascript/tools/data/externs/nodejs/process.js
[2026-07-22 11:14:09] [build-stdout] Done extracting /usr/local/Caskroom/codeql/2.26.1/codeql/javascript/tools/data/externs/nodejs/process.js (3 ms)
[2026-07-22 11:14:09] [build-stdout] Extracting /usr/local/Caskroom/codeql/2.26.1/codeql/javascript/tools/data/externs/nodejs/http.js
[2026-07-22 11:14:09] [build-stdout] Done extracting /usr/local/Caskroom/codeql/2.26.1/codeql/javascript/tools/data/externs/nodejs/http.js (40 ms)
[2026-07-22 11:14:09] [build-stdout] Extracting /usr/local/Caskroom/codeql/2.26.1/codeql/javascript/tools/data/externs/nodejs/buffer.js
[2026-07-22 11:14:09] [build-stdout] Done extracting /usr/local/Caskroom/codeql/2.26.1/codeql/javascript/tools/data/externs/nodejs/buffer.js (16 ms)
[2026-07-22 11:14:09] [build-stdout] Extracting /usr/local/Caskroom/codeql/2.26.1/codeql/javascript/tools/data/externs/nodejs/fs.js
[2026-07-22 11:14:09] [build-stdout] Done extracting /usr/local/Caskroom/codeql/2.26.1/codeql/javascript/tools/data/externs/nodejs/fs.js (126 ms)
[2026-07-22 11:14:09] [build-stdout] Extracting /usr/local/Caskroom/codeql/2.26.1/codeql/javascript/tools/data/externs/web/ie_dom.js
[2026-07-22 11:14:09] [build-stdout] Done extracting /usr/local/Caskroom/codeql/2.26.1/codeql/javascript/tools/data/externs/web/ie_dom.js (58 ms)
[2026-07-22 11:14:09] [build-stdout] Extracting /usr/local/Caskroom/codeql/2.26.1/codeql/javascript/tools/data/externs/web/mediasource.js
[2026-07-22 11:14:09] [build-stdout] Done extracting /usr/local/Caskroom/codeql/2.26.1/codeql/javascript/tools/data/externs/web/mediasource.js (9 ms)
[2026-07-22 11:14:09] [build-stdout] Extracting /usr/local/Caskroom/codeql/2.26.1/codeql/javascript/tools/data/externs/web/html5.js
[2026-07-22 11:14:09] [build-stdout] Done extracting /usr/local/Caskroom/codeql/2.26.1/codeql/javascript/tools/data/externs/web/html5.js (197 ms)
[2026-07-22 11:14:09] [build-stdout] Extracting /usr/local/Caskroom/codeql/2.26.1/codeql/javascript/tools/data/externs/web/w3c_anim_timing.js
[2026-07-22 11:14:09] [build-stdout] Done extracting /usr/local/Caskroom/codeql/2.26.1/codeql/javascript/tools/data/externs/web/w3c_anim_timing.js (5 ms)
[2026-07-22 11:14:09] [build-stdout] Extracting /usr/local/Caskroom/codeql/2.26.1/codeql/javascript/tools/data/externs/web/w3c_dom3.js
[2026-07-22 11:14:09] [build-stdout] Done extracting /usr/local/Caskroom/codeql/2.26.1/codeql/javascript/tools/data/externs/web/w3c_dom3.js (36 ms)
[2026-07-22 11:14:09] [build-stdout] Extracting /usr/local/Caskroom/codeql/2.26.1/codeql/javascript/tools/data/externs/web/fetchapi.js
[2026-07-22 11:14:09] [build-stdout] Done extracting /usr/local/Caskroom/codeql/2.26.1/codeql/javascript/tools/data/externs/web/fetchapi.js (26 ms)
[2026-07-22 11:14:09] [build-stdout] Extracting /usr/local/Caskroom/codeql/2.26.1/codeql/javascript/tools/data/externs/web/streamsapi.js
[2026-07-22 11:14:09] [build-stdout] Done extracting /usr/local/Caskroom/codeql/2.26.1/codeql/javascript/tools/data/externs/web/streamsapi.js (23 ms)
[2026-07-22 11:14:09] [build-stdout] Extracting /usr/local/Caskroom/codeql/2.26.1/codeql/javascript/tools/data/externs/web/fileapi.js
[2026-07-22 11:14:09] [build-stdout] Done extracting /usr/local/Caskroom/codeql/2.26.1/codeql/javascript/tools/data/externs/web/fileapi.js (48 ms)
[2026-07-22 11:14:09] [build-stdout] Extracting /usr/local/Caskroom/codeql/2.26.1/codeql/javascript/tools/data/externs/web/w3c_navigation_timing.js
[2026-07-22 11:14:09] [build-stdout] Done extracting /usr/local/Caskroom/codeql/2.26.1/codeql/javascript/tools/data/externs/web/w3c_navigation_timing.js (15 ms)
[2026-07-22 11:14:09] [build-stdout] Extracting /usr/local/Caskroom/codeql/2.26.1/codeql/javascript/tools/data/externs/web/w3c_range.js
[2026-07-22 11:14:09] [build-stdout] Done extracting /usr/local/Caskroom/codeql/2.26.1/codeql/javascript/tools/data/externs/web/w3c_range.js (12 ms)
[2026-07-22 11:14:09] [build-stdout] Extracting /usr/local/Caskroom/codeql/2.26.1/codeql/javascript/tools/data/externs/web/w3c_indexeddb.js
[2026-07-22 11:14:09] [build-stdout] Done extracting /usr/local/Caskroom/codeql/2.26.1/codeql/javascript/tools/data/externs/web/w3c_indexeddb.js (40 ms)
[2026-07-22 11:14:09] [build-stdout] Extracting /usr/local/Caskroom/codeql/2.26.1/codeql/javascript/tools/data/externs/web/w3c_dom2.js
[2026-07-22 11:14:09] [build-stdout] Done extracting /usr/local/Caskroom/codeql/2.26.1/codeql/javascript/tools/data/externs/web/w3c_dom2.js (99 ms)
[2026-07-22 11:14:09] [build-stdout] Extracting /usr/local/Caskroom/codeql/2.26.1/codeql/javascript/tools/data/externs/web/w3c_elementtraversal.js
[2026-07-22 11:14:09] [build-stdout] Done extracting /usr/local/Caskroom/codeql/2.26.1/codeql/javascript/tools/data/externs/web/w3c_elementtraversal.js (5 ms)
[2026-07-22 11:14:09] [build-stdout] Extracting /usr/local/Caskroom/codeql/2.26.1/codeql/javascript/tools/data/externs/web/w3c_webcrypto.js
[2026-07-22 11:14:09] [build-stdout] Done extracting /usr/local/Caskroom/codeql/2.26.1/codeql/javascript/tools/data/externs/web/w3c_webcrypto.js (17 ms)
[2026-07-22 11:14:09] [build-stdout] Extracting /usr/local/Caskroom/codeql/2.26.1/codeql/javascript/tools/data/externs/web/ie_vml.js
[2026-07-22 11:14:09] [build-stdout] Done extracting /usr/local/Caskroom/codeql/2.26.1/codeql/javascript/tools/data/externs/web/ie_vml.js (3 ms)
[2026-07-22 11:14:09] [build-stdout] Extracting /usr/local/Caskroom/codeql/2.26.1/codeql/javascript/tools/data/externs/web/intl.js
[2026-07-22 11:14:09] [build-stdout] Done extracting /usr/local/Caskroom/codeql/2.26.1/codeql/javascript/tools/data/externs/web/intl.js (10 ms)
[2026-07-22 11:14:09] [build-stdout] Extracting /usr/local/Caskroom/codeql/2.26.1/codeql/javascript/tools/data/externs/web/w3c_rtc.js
[2026-07-22 11:14:10] [build-stdout] Done extracting /usr/local/Caskroom/codeql/2.26.1/codeql/javascript/tools/data/externs/web/w3c_rtc.js (92 ms)
[2026-07-22 11:14:10] [build-stdout] Extracting /usr/local/Caskroom/codeql/2.26.1/codeql/javascript/tools/data/externs/web/w3c_requestidlecallback.js
[2026-07-22 11:14:10] [build-stdout] Done extracting /usr/local/Caskroom/codeql/2.26.1/codeql/javascript/tools/data/externs/web/w3c_requestidlecallback.js (3 ms)
[2026-07-22 11:14:10] [build-stdout] Extracting /usr/local/Caskroom/codeql/2.26.1/codeql/javascript/tools/data/externs/web/w3c_geolocation.js
[2026-07-22 11:14:10] [build-stdout] Done extracting /usr/local/Caskroom/codeql/2.26.1/codeql/javascript/tools/data/externs/web/w3c_geolocation.js (6 ms)
[2026-07-22 11:14:10] [build-stdout] Extracting /usr/local/Caskroom/codeql/2.26.1/codeql/javascript/tools/data/externs/web/webstorage.js
[2026-07-22 11:14:10] [build-stdout] Done extracting /usr/local/Caskroom/codeql/2.26.1/codeql/javascript/tools/data/externs/web/webstorage.js (6 ms)
[2026-07-22 11:14:10] [build-stdout] Extracting /usr/local/Caskroom/codeql/2.26.1/codeql/javascript/tools/data/externs/web/webkit_usercontent.js
[2026-07-22 11:14:10] [build-stdout] Done extracting /usr/local/Caskroom/codeql/2.26.1/codeql/javascript/tools/data/externs/web/webkit_usercontent.js (3 ms)
[2026-07-22 11:14:10] [build-stdout] Extracting /usr/local/Caskroom/codeql/2.26.1/codeql/javascript/tools/data/externs/web/window.js
[2026-07-22 11:14:10] [build-stdout] Done extracting /usr/local/Caskroom/codeql/2.26.1/codeql/javascript/tools/data/externs/web/window.js (7 ms)
[2026-07-22 11:14:10] [build-stdout] Extracting /usr/local/Caskroom/codeql/2.26.1/codeql/javascript/tools/data/externs/web/page_visibility.js
[2026-07-22 11:14:10] [build-stdout] Done extracting /usr/local/Caskroom/codeql/2.26.1/codeql/javascript/tools/data/externs/web/page_visibility.js (2 ms)
[2026-07-22 11:14:10] [build-stdout] Extracting /usr/local/Caskroom/codeql/2.26.1/codeql/javascript/tools/data/externs/web/webgl.js
[2026-07-22 11:14:10] [build-stdout] Done extracting /usr/local/Caskroom/codeql/2.26.1/codeql/javascript/tools/data/externs/web/webgl.js (155 ms)
[2026-07-22 11:14:10] [build-stdout] Extracting /usr/local/Caskroom/codeql/2.26.1/codeql/javascript/tools/data/externs/web/w3c_touch_event.js
[2026-07-22 11:14:10] [build-stdout] Done extracting /usr/local/Caskroom/codeql/2.26.1/codeql/javascript/tools/data/externs/web/w3c_touch_event.js (10 ms)
[2026-07-22 11:14:10] [build-stdout] Extracting /usr/local/Caskroom/codeql/2.26.1/codeql/javascript/tools/data/externs/web/w3c_event.js
[2026-07-22 11:14:10] [build-stdout] Done extracting /usr/local/Caskroom/codeql/2.26.1/codeql/javascript/tools/data/externs/web/w3c_event.js (28 ms)
[2026-07-22 11:14:10] [build-stdout] Extracting /usr/local/Caskroom/codeql/2.26.1/codeql/javascript/tools/data/externs/web/whatwg_encoding.js
[2026-07-22 11:14:10] [build-stdout] Done extracting /usr/local/Caskroom/codeql/2.26.1/codeql/javascript/tools/data/externs/web/whatwg_encoding.js (4 ms)
[2026-07-22 11:14:10] [build-stdout] Extracting /usr/local/Caskroom/codeql/2.26.1/codeql/javascript/tools/data/externs/web/w3c_event3.js
[2026-07-22 11:14:10] [build-stdout] Done extracting /usr/local/Caskroom/codeql/2.26.1/codeql/javascript/tools/data/externs/web/w3c_event3.js (5 ms)
[2026-07-22 11:14:10] [build-stdout] Extracting /usr/local/Caskroom/codeql/2.26.1/codeql/javascript/tools/data/externs/web/gecko_xml.js
[2026-07-22 11:14:10] [build-stdout] Done extracting /usr/local/Caskroom/codeql/2.26.1/codeql/javascript/tools/data/externs/web/gecko_xml.js (5 ms)
[2026-07-22 11:14:10] [build-stdout] Extracting /usr/local/Caskroom/codeql/2.26.1/codeql/javascript/tools/data/externs/web/ie_event.js
[2026-07-22 11:14:10] [build-stdout] Done extracting /usr/local/Caskroom/codeql/2.26.1/codeql/javascript/tools/data/externs/web/ie_event.js (16 ms)
[2026-07-22 11:14:10] [build-stdout] Extracting /usr/local/Caskroom/codeql/2.26.1/codeql/javascript/tools/data/externs/web/w3c_css.js
[2026-07-22 11:14:10] [build-stdout] Done extracting /usr/local/Caskroom/codeql/2.26.1/codeql/javascript/tools/data/externs/web/w3c_css.js (87 ms)
[2026-07-22 11:14:10] [build-stdout] Extracting /usr/local/Caskroom/codeql/2.26.1/codeql/javascript/tools/data/externs/web/ie_css.js
[2026-07-22 11:14:10] [build-stdout] Done extracting /usr/local/Caskroom/codeql/2.26.1/codeql/javascript/tools/data/externs/web/ie_css.js (11 ms)
[2026-07-22 11:14:10] [build-stdout] Extracting /usr/local/Caskroom/codeql/2.26.1/codeql/javascript/tools/data/externs/web/webkit_css.js
[2026-07-22 11:14:10] [build-stdout] Done extracting /usr/local/Caskroom/codeql/2.26.1/codeql/javascript/tools/data/externs/web/webkit_css.js (56 ms)
[2026-07-22 11:14:10] [build-stdout] Extracting /usr/local/Caskroom/codeql/2.26.1/codeql/javascript/tools/data/externs/web/w3c_xml.js
[2026-07-22 11:14:10] [build-stdout] Done extracting /usr/local/Caskroom/codeql/2.26.1/codeql/javascript/tools/data/externs/web/w3c_xml.js (15 ms)
[2026-07-22 11:14:10] [build-stdout] Extracting /usr/local/Caskroom/codeql/2.26.1/codeql/javascript/tools/data/externs/web/gecko_css.js
[2026-07-22 11:14:10] [build-stdout] Done extracting /usr/local/Caskroom/codeql/2.26.1/codeql/javascript/tools/data/externs/web/gecko_css.js (13 ms)
[2026-07-22 11:14:10] [build-stdout] Extracting /usr/local/Caskroom/codeql/2.26.1/codeql/javascript/tools/data/externs/web/iphone.js
[2026-07-22 11:14:10] [build-stdout] Done extracting /usr/local/Caskroom/codeql/2.26.1/codeql/javascript/tools/data/externs/web/iphone.js (7 ms)
[2026-07-22 11:14:10] [build-stdout] Extracting /usr/local/Caskroom/codeql/2.26.1/codeql/javascript/tools/data/externs/web/w3c_selectors.js
[2026-07-22 11:14:10] [build-stdout] Done extracting /usr/local/Caskroom/codeql/2.26.1/codeql/javascript/tools/data/externs/web/w3c_selectors.js (5 ms)
[2026-07-22 11:14:10] [build-stdout] Extracting /usr/local/Caskroom/codeql/2.26.1/codeql/javascript/tools/data/externs/web/chrome.js
[2026-07-22 11:14:10] [build-stdout] Done extracting /usr/local/Caskroom/codeql/2.26.1/codeql/javascript/tools/data/externs/web/chrome.js (27 ms)
[2026-07-22 11:14:10] [build-stdout] Extracting /usr/local/Caskroom/codeql/2.26.1/codeql/javascript/tools/data/externs/web/w3c_batterystatus.js
[2026-07-22 11:14:10] [build-stdout] Done extracting /usr/local/Caskroom/codeql/2.26.1/codeql/javascript/tools/data/externs/web/w3c_batterystatus.js (3 ms)
[2026-07-22 11:14:10] [build-stdout] Extracting /usr/local/Caskroom/codeql/2.26.1/codeql/javascript/tools/data/externs/web/webkit_notifications.js
[2026-07-22 11:14:10] [build-stdout] Done extracting /usr/local/Caskroom/codeql/2.26.1/codeql/javascript/tools/data/externs/web/webkit_notifications.js (11 ms)
[2026-07-22 11:14:10] [build-stdout] Extracting /usr/local/Caskroom/codeql/2.26.1/codeql/javascript/tools/data/externs/web/w3c_screen_orientation.js
[2026-07-22 11:14:10] [build-stdout] Done extracting /usr/local/Caskroom/codeql/2.26.1/codeql/javascript/tools/data/externs/web/w3c_screen_orientation.js (4 ms)
[2026-07-22 11:14:10] [build-stdout] Extracting /usr/local/Caskroom/codeql/2.26.1/codeql/javascript/tools/data/externs/web/w3c_midi.js
[2026-07-22 11:14:10] [build-stdout] Done extracting /usr/local/Caskroom/codeql/2.26.1/codeql/javascript/tools/data/externs/web/w3c_midi.js (14 ms)
[2026-07-22 11:14:10] [build-stdout] Extracting /usr/local/Caskroom/codeql/2.26.1/codeql/javascript/tools/data/externs/web/w3c_serviceworker.js
[2026-07-22 11:14:10] [build-stdout] Done extracting /usr/local/Caskroom/codeql/2.26.1/codeql/javascript/tools/data/externs/web/w3c_serviceworker.js (27 ms)
[2026-07-22 11:14:10] [build-stdout] Extracting /usr/local/Caskroom/codeql/2.26.1/codeql/javascript/tools/data/externs/web/w3c_device_sensor_event.js
[2026-07-22 11:14:10] [build-stdout] Done extracting /usr/local/Caskroom/codeql/2.26.1/codeql/javascript/tools/data/externs/web/w3c_device_sensor_event.js (5 ms)
[2026-07-22 11:14:10] [build-stdout] Extracting /usr/local/Caskroom/codeql/2.26.1/codeql/javascript/tools/data/externs/web/webkit_event.js
[2026-07-22 11:14:10] [build-stdout] Done extracting /usr/local/Caskroom/codeql/2.26.1/codeql/javascript/tools/data/externs/web/webkit_event.js (3 ms)
[2026-07-22 11:14:10] [build-stdout] Extracting /usr/local/Caskroom/codeql/2.26.1/codeql/javascript/tools/data/externs/web/w3c_permissions.js
[2026-07-22 11:14:10] [build-stdout] Done extracting /usr/local/Caskroom/codeql/2.26.1/codeql/javascript/tools/data/externs/web/w3c_permissions.js (7 ms)
[2026-07-22 11:14:10] [build-stdout] Extracting /usr/local/Caskroom/codeql/2.26.1/codeql/javascript/tools/data/externs/web/w3c_gamepad.js
[2026-07-22 11:14:10] [build-stdout] Done extracting /usr/local/Caskroom/codeql/2.26.1/codeql/javascript/tools/data/externs/web/w3c_gamepad.js (5 ms)
[2026-07-22 11:14:10] [build-stdout] Extracting /usr/local/Caskroom/codeql/2.26.1/codeql/javascript/tools/data/externs/web/w3c_dom1.js
[2026-07-22 11:14:10] [build-stdout] Done extracting /usr/local/Caskroom/codeql/2.26.1/codeql/javascript/tools/data/externs/web/w3c_dom1.js (44 ms)
[2026-07-22 11:14:10] [build-stdout] Extracting /usr/local/Caskroom/codeql/2.26.1/codeql/javascript/tools/data/externs/web/url.js
[2026-07-22 11:14:10] [build-stdout] Done extracting /usr/local/Caskroom/codeql/2.26.1/codeql/javascript/tools/data/externs/web/url.js (8 ms)
[2026-07-22 11:14:10] [build-stdout] Extracting /usr/local/Caskroom/codeql/2.26.1/codeql/javascript/tools/data/externs/web/gecko_event.js
[2026-07-22 11:14:10] [build-stdout] Done extracting /usr/local/Caskroom/codeql/2.26.1/codeql/javascript/tools/data/externs/web/gecko_event.js (6 ms)
[2026-07-22 11:14:10] [build-stdout] Extracting /usr/local/Caskroom/codeql/2.26.1/codeql/javascript/tools/data/externs/web/w3c_encoding.js
[2026-07-22 11:14:10] [build-stdout] Done extracting /usr/local/Caskroom/codeql/2.26.1/codeql/javascript/tools/data/externs/web/w3c_encoding.js (3 ms)
[2026-07-22 11:14:10] [build-stdout] Extracting /usr/local/Caskroom/codeql/2.26.1/codeql/javascript/tools/data/externs/web/flash.js
[2026-07-22 11:14:10] [build-stdout] Done extracting /usr/local/Caskroom/codeql/2.26.1/codeql/javascript/tools/data/externs/web/flash.js (10 ms)
[2026-07-22 11:14:10] [build-stdout] Extracting /usr/local/Caskroom/codeql/2.26.1/codeql/javascript/tools/data/externs/web/w3c_pointer_events.js
[2026-07-22 11:14:10] [build-stdout] Done extracting /usr/local/Caskroom/codeql/2.26.1/codeql/javascript/tools/data/externs/web/w3c_pointer_events.js (5 ms)
[2026-07-22 11:14:10] [build-stdout] Extracting /usr/local/Caskroom/codeql/2.26.1/codeql/javascript/tools/data/externs/web/gecko_ext.js
[2026-07-22 11:14:10] [build-stdout] Done extracting /usr/local/Caskroom/codeql/2.26.1/codeql/javascript/tools/data/externs/web/gecko_ext.js (2 ms)
[2026-07-22 11:14:10] [build-stdout] Extracting /usr/local/Caskroom/codeql/2.26.1/codeql/javascript/tools/data/externs/web/gecko_dom.js
[2026-07-22 11:14:10] [build-stdout] Done extracting /usr/local/Caskroom/codeql/2.26.1/codeql/javascript/tools/data/externs/web/gecko_dom.js (39 ms)
[2026-07-22 11:14:10] [build-stdout] Extracting /usr/local/Caskroom/codeql/2.26.1/codeql/javascript/tools/data/externs/web/webkit_dom.js
[2026-07-22 11:14:10] [build-stdout] Done extracting /usr/local/Caskroom/codeql/2.26.1/codeql/javascript/tools/data/externs/web/webkit_dom.js (17 ms)
[2026-07-22 11:14:10] [build-stdout] Extracting /usr/local/Caskroom/codeql/2.26.1/codeql/javascript/tools/data/externs/web/w3c_css3d.js
[2026-07-22 11:14:10] [build-stdout] Done extracting /usr/local/Caskroom/codeql/2.26.1/codeql/javascript/tools/data/externs/web/w3c_css3d.js (12 ms)
[2026-07-22 11:14:10] [build-stdout] Extracting /usr/local/Caskroom/codeql/2.26.1/codeql/javascript/tools/data/externs/web/w3c_dom4.js
[2026-07-22 11:14:10] [build-stdout] Done extracting /usr/local/Caskroom/codeql/2.26.1/codeql/javascript/tools/data/externs/web/w3c_dom4.js (3 ms)
[2026-07-22 11:14:10] [build-stdout] Extracting /usr/local/Caskroom/codeql/2.26.1/codeql/javascript/tools/data/externs/vm/rhino.js
[2026-07-22 11:14:10] [build-stdout] Done extracting /usr/local/Caskroom/codeql/2.26.1/codeql/javascript/tools/data/externs/vm/rhino.js (6 ms)
[2026-07-22 11:14:10] [build-stdout] Extracting /usr/local/Caskroom/codeql/2.26.1/codeql/javascript/tools/data/externs/vm/v8.js
[2026-07-22 11:14:10] [build-stdout] Done extracting /usr/local/Caskroom/codeql/2.26.1/codeql/javascript/tools/data/externs/vm/v8.js (7 ms)
[2026-07-22 11:14:10] [build-stdout] Extracting /usr/local/Caskroom/codeql/2.26.1/codeql/javascript/tools/data/externs/vm/spidermonkey.js
[2026-07-22 11:14:10] [build-stdout] Done extracting /usr/local/Caskroom/codeql/2.26.1/codeql/javascript/tools/data/externs/vm/spidermonkey.js (3 ms)
[2026-07-22 11:14:10] [build-stdout] Extracting /usr/local/Caskroom/codeql/2.26.1/codeql/javascript/tools/data/externs/vm/jsshell.js
[2026-07-22 11:14:10] [build-stdout] Done extracting /usr/local/Caskroom/codeql/2.26.1/codeql/javascript/tools/data/externs/vm/jsshell.js (35 ms)
[2026-07-22 11:14:10] [build-stdout] Extracting /usr/local/Caskroom/codeql/2.26.1/codeql/javascript/tools/data/externs/lib/jquery-3.2.js
[2026-07-22 11:14:10] [build-stdout] Done extracting /usr/local/Caskroom/codeql/2.26.1/codeql/javascript/tools/data/externs/lib/jquery-3.2.js (128 ms)
[2026-07-22 11:14:10] [build-stdout] Extracting /usr/local/Caskroom/codeql/2.26.1/codeql/javascript/tools/data/externs/lib/bdd.js
[2026-07-22 11:14:10] [build-stdout] Done extracting /usr/local/Caskroom/codeql/2.26.1/codeql/javascript/tools/data/externs/lib/bdd.js (6 ms)
[2026-07-22 11:14:10] [build-stdout] Extracting /usr/local/Caskroom/codeql/2.26.1/codeql/javascript/tools/data/externs/lib/should.js
[2026-07-22 11:14:10] [build-stdout] Done extracting /usr/local/Caskroom/codeql/2.26.1/codeql/javascript/tools/data/externs/lib/should.js (15 ms)
[2026-07-22 11:14:10] [build-stdout] Extracting /usr/local/Caskroom/codeql/2.26.1/codeql/javascript/tools/data/externs/lib/vows.js
[2026-07-22 11:14:10] [build-stdout] Done extracting /usr/local/Caskroom/codeql/2.26.1/codeql/javascript/tools/data/externs/lib/vows.js (16 ms)
[2026-07-22 11:14:10] [build-stdout] Extracting /usr/local/Caskroom/codeql/2.26.1/codeql/javascript/tools/data/externs/es/proxy.js
[2026-07-22 11:14:10] [build-stdout] Done extracting /usr/local/Caskroom/codeql/2.26.1/codeql/javascript/tools/data/externs/es/proxy.js (3 ms)
[2026-07-22 11:14:10] [build-stdout] Extracting /usr/local/Caskroom/codeql/2.26.1/codeql/javascript/tools/data/externs/es/es5.js
[2026-07-22 11:14:11] [build-stdout] Done extracting /usr/local/Caskroom/codeql/2.26.1/codeql/javascript/tools/data/externs/es/es5.js (13 ms)
[2026-07-22 11:14:11] [build-stdout] Extracting /usr/local/Caskroom/codeql/2.26.1/codeql/javascript/tools/data/externs/es/intl.js
[2026-07-22 11:14:11] [build-stdout] Done extracting /usr/local/Caskroom/codeql/2.26.1/codeql/javascript/tools/data/externs/es/intl.js (12 ms)
[2026-07-22 11:14:11] [build-stdout] Extracting /usr/local/Caskroom/codeql/2.26.1/codeql/javascript/tools/data/externs/es/es6_collections.js
[2026-07-22 11:14:11] [build-stdout] Done extracting /usr/local/Caskroom/codeql/2.26.1/codeql/javascript/tools/data/externs/es/es6_collections.js (10 ms)
[2026-07-22 11:14:11] [build-stdout] Extracting /usr/local/Caskroom/codeql/2.26.1/codeql/javascript/tools/data/externs/es/es6.js
[2026-07-22 11:14:11] [build-stdout] Done extracting /usr/local/Caskroom/codeql/2.26.1/codeql/javascript/tools/data/externs/es/es6.js (68 ms)
[2026-07-22 11:14:11] [build-stdout] Extracting /usr/local/Caskroom/codeql/2.26.1/codeql/javascript/tools/data/externs/es/es2017.js
[2026-07-22 11:14:11] [build-stdout] Done extracting /usr/local/Caskroom/codeql/2.26.1/codeql/javascript/tools/data/externs/es/es2017.js (5 ms)
[2026-07-22 11:14:11] [build-stdout] Extracting /usr/local/Caskroom/codeql/2.26.1/codeql/javascript/tools/data/externs/es/es3.js
[2026-07-22 11:14:11] [build-stdout] Done extracting /usr/local/Caskroom/codeql/2.26.1/codeql/javascript/tools/data/externs/es/es3.js (90 ms)
[2026-07-22 11:14:11] [build-stdout] Extracting /usr/local/Caskroom/codeql/2.26.1/codeql/javascript/tools/data/externs/es/es2016.js
[2026-07-22 11:14:11] [build-stdout] Done extracting /usr/local/Caskroom/codeql/2.26.1/codeql/javascript/tools/data/externs/es/es2016.js (3 ms)
[2026-07-22 11:14:11] Plumbing command codeql database trace-command completed.
[2026-07-22 11:14:11] [PROGRESS] database create> Finalizing database at /Users/martin/Projects/open_weather_redux/codeql-db.
[2026-07-22 11:14:11] Running plumbing command: codeql database finalize --no-db-cluster -- /Users/martin/Projects/open_weather_redux/codeql-db
[2026-07-22 11:14:11] [PROGRESS] database finalize> Running TRAP import for CodeQL database at /Users/martin/Projects/open_weather_redux/codeql-db...
[2026-07-22 11:14:11] Running plumbing command: codeql dataset import --dbscheme=/usr/local/Caskroom/codeql/2.26.1/codeql/javascript/semmlecode.javascript.dbscheme -- /Users/martin/Projects/open_weather_redux/codeql-db/db-javascript /Users/martin/Projects/open_weather_redux/codeql-db/trap/javascript
[2026-07-22 11:14:11] Clearing disk cache since the version file /Users/martin/Projects/open_weather_redux/codeql-db/db-javascript/default/cache/version does not exist
[2026-07-22 11:14:11] Tuple pool not found. Clearing relations with cached strings
[2026-07-22 11:14:11] Trimming disk cache at /Users/martin/Projects/open_weather_redux/codeql-db/db-javascript/default/cache in mode clear.
[2026-07-22 11:14:11] Sequence stamp origin is -5888468661549825215
[2026-07-22 11:14:11] Pausing evaluation to hard-clear memory at sequence stamp o+0
[2026-07-22 11:14:11] Unpausing evaluation
[2026-07-22 11:14:11] Pausing evaluation to quickly trim disk at sequence stamp o+1
[2026-07-22 11:14:11] Unpausing evaluation
[2026-07-22 11:14:11] Pausing evaluation to zealously trim disk at sequence stamp o+2
[2026-07-22 11:14:11] Unpausing evaluation
[2026-07-22 11:14:11] Trimming completed (7ms): Purged everything.
[2026-07-22 11:14:11] Scanning for files in /Users/martin/Projects/open_weather_redux/codeql-db/trap/javascript
[2026-07-22 11:14:11] Found 131 TRAP files (8.40 MiB)
[2026-07-22 11:14:11] [PROGRESS] dataset import> Importing TRAP files
[2026-07-22 11:14:11] Importing ci.yml.trap.gz (1 of 131)
[2026-07-22 11:14:11] Importing code-quality.yml.trap.gz (2 of 131)
[2026-07-22 11:14:11] Importing index.html.trap.gz (3 of 131)
[2026-07-22 11:14:11] Importing manifest.json.trap.gz (4 of 131)
[2026-07-22 11:14:11] Importing main.2a01b3cc.js.trap.gz (5 of 131)
[2026-07-22 11:14:11] Importing package.json.trap.gz (6 of 131)
[2026-07-22 11:14:11] Importing index.html.trap.gz (7 of 131)
[2026-07-22 11:14:11] Importing manifest.json.trap.gz (8 of 131)
[2026-07-22 11:14:11] Importing index.js.trap.gz (9 of 131)
[2026-07-22 11:14:11] Importing Card.js.trap.gz (10 of 131)
[2026-07-22 11:14:11] Importing CurrentKPIs.js.trap.gz (11 of 131)
[2026-07-22 11:14:11] Importing Dashboard.js.trap.gz (12 of 131)
[2026-07-22 11:14:11] Importing index.js.trap.gz (13 of 131)
[2026-07-22 11:14:11] Importing index.js.trap.gz (14 of 131)
[2026-07-22 11:14:11] Importing weather.js.trap.gz (15 of 131)
[2026-07-22 11:14:11] Importing reportWebVitals.js.trap.gz (16 of 131)
[2026-07-22 11:14:11] Importing setupTests.js.trap.gz (17 of 131)
[2026-07-22 11:14:11] Importing configureStore.js.trap.gz (18 of 131)
[2026-07-22 11:14:11] Importing Card.test.js.trap.gz (19 of 131)
[2026-07-22 11:14:11] Importing CurrentKPIs.test.js.trap.gz (20 of 131)
[2026-07-22 11:14:11] Importing metadata.trap.gz (21 of 131)
[2026-07-22 11:14:11] Importing es2016.js.trap.gz (22 of 131)
[2026-07-22 11:14:11] Importing es2017.js.trap.gz (23 of 131)
[2026-07-22 11:14:11] Importing es3.js.trap.gz (24 of 131)
[2026-07-22 11:14:12] Importing es5.js.trap.gz (25 of 131)
[2026-07-22 11:14:12] Importing es6.js.trap.gz (26 of 131)
[2026-07-22 11:14:12] Importing es6_collections.js.trap.gz (27 of 131)
[2026-07-22 11:14:12] Importing intl.js.trap.gz (28 of 131)
[2026-07-22 11:14:12] Importing proxy.js.trap.gz (29 of 131)
[2026-07-22 11:14:12] Importing bdd.js.trap.gz (30 of 131)
[2026-07-22 11:14:12] Importing jquery-3.2.js.trap.gz (31 of 131)
[2026-07-22 11:14:12] Importing should.js.trap.gz (32 of 131)
[2026-07-22 11:14:12] Importing vows.js.trap.gz (33 of 131)
[2026-07-22 11:14:12] Importing assert.js.trap.gz (34 of 131)
[2026-07-22 11:14:12] Importing assert_legacy.js.trap.gz (35 of 131)
[2026-07-22 11:14:12] Importing buffer.js.trap.gz (36 of 131)
[2026-07-22 11:14:12] Importing child_process.js.trap.gz (37 of 131)
[2026-07-22 11:14:12] Importing cluster.js.trap.gz (38 of 131)
[2026-07-22 11:14:12] Importing console.js.trap.gz (39 of 131)
[2026-07-22 11:14:12] Importing constants.js.trap.gz (40 of 131)
[2026-07-22 11:14:12] Importing crypto.js.trap.gz (41 of 131)
[2026-07-22 11:14:12] Importing dgram.js.trap.gz (42 of 131)
[2026-07-22 11:14:12] Importing dns.js.trap.gz (43 of 131)
[2026-07-22 11:14:12] Importing domain.js.trap.gz (44 of 131)
[2026-07-22 11:14:12] Importing events.js.trap.gz (45 of 131)
[2026-07-22 11:14:12] Importing fs.js.trap.gz (46 of 131)
[2026-07-22 11:14:12] Importing globals.js.trap.gz (47 of 131)
[2026-07-22 11:14:12] Importing http.js.trap.gz (48 of 131)
[2026-07-22 11:14:12] Importing https.js.trap.gz (49 of 131)
[2026-07-22 11:14:12] Importing module.js.trap.gz (50 of 131)
[2026-07-22 11:14:12] Importing net.js.trap.gz (51 of 131)
[2026-07-22 11:14:12] Importing os.js.trap.gz (52 of 131)
[2026-07-22 11:14:12] Importing path.js.trap.gz (53 of 131)
[2026-07-22 11:14:12] Importing process.js.trap.gz (54 of 131)
[2026-07-22 11:14:12] Importing punycode.js.trap.gz (55 of 131)
[2026-07-22 11:14:12] Importing querystring.js.trap.gz (56 of 131)
[2026-07-22 11:14:12] Importing readline.js.trap.gz (57 of 131)
[2026-07-22 11:14:12] Importing repl.js.trap.gz (58 of 131)
[2026-07-22 11:14:12] Importing stream.js.trap.gz (59 of 131)
[2026-07-22 11:14:12] Importing string_decoder.js.trap.gz (60 of 131)
[2026-07-22 11:14:12] Importing sys.js.trap.gz (61 of 131)
[2026-07-22 11:14:12] Importing timers.js.trap.gz (62 of 131)
[2026-07-22 11:14:12] Importing tls.js.trap.gz (63 of 131)
[2026-07-22 11:14:12] Importing tty.js.trap.gz (64 of 131)
[2026-07-22 11:14:12] Importing url.js.trap.gz (65 of 131)
[2026-07-22 11:14:12] Importing util.js.trap.gz (66 of 131)
[2026-07-22 11:14:12] Importing v8.js.trap.gz (67 of 131)
[2026-07-22 11:14:12] Importing vm.js.trap.gz (68 of 131)
[2026-07-22 11:14:12] Importing zlib.js.trap.gz (69 of 131)
[2026-07-22 11:14:12] Importing jsshell.js.trap.gz (70 of 131)
[2026-07-22 11:14:12] Importing rhino.js.trap.gz (71 of 131)
[2026-07-22 11:14:12] Importing spidermonkey.js.trap.gz (72 of 131)
[2026-07-22 11:14:12] Importing v8.js.trap.gz (73 of 131)
[2026-07-22 11:14:12] Importing chrome.js.trap.gz (74 of 131)
[2026-07-22 11:14:12] Importing fetchapi.js.trap.gz (75 of 131)
[2026-07-22 11:14:12] Importing fileapi.js.trap.gz (76 of 131)
[2026-07-22 11:14:12] Importing flash.js.trap.gz (77 of 131)
[2026-07-22 11:14:12] Importing gecko_css.js.trap.gz (78 of 131)
[2026-07-22 11:14:12] Importing gecko_dom.js.trap.gz (79 of 131)
[2026-07-22 11:14:12] Importing gecko_event.js.trap.gz (80 of 131)
[2026-07-22 11:14:12] Importing gecko_ext.js.trap.gz (81 of 131)
[2026-07-22 11:14:12] Importing gecko_xml.js.trap.gz (82 of 131)
[2026-07-22 11:14:12] Importing html5.js.trap.gz (83 of 131)
[2026-07-22 11:14:12] Importing ie_css.js.trap.gz (84 of 131)
[2026-07-22 11:14:12] Importing ie_dom.js.trap.gz (85 of 131)
[2026-07-22 11:14:13] Importing ie_event.js.trap.gz (86 of 131)
[2026-07-22 11:14:13] Importing ie_vml.js.trap.gz (87 of 131)
[2026-07-22 11:14:13] Importing intl.js.trap.gz (88 of 131)
[2026-07-22 11:14:13] Importing iphone.js.trap.gz (89 of 131)
[2026-07-22 11:14:13] Importing mediasource.js.trap.gz (90 of 131)
[2026-07-22 11:14:13] Importing page_visibility.js.trap.gz (91 of 131)
[2026-07-22 11:14:13] Importing streamsapi.js.trap.gz (92 of 131)
[2026-07-22 11:14:13] Importing url.js.trap.gz (93 of 131)
[2026-07-22 11:14:13] Importing w3c_anim_timing.js.trap.gz (94 of 131)
[2026-07-22 11:14:13] Importing w3c_batterystatus.js.trap.gz (95 of 131)
[2026-07-22 11:14:13] Importing w3c_css.js.trap.gz (96 of 131)
[2026-07-22 11:14:13] Importing w3c_css3d.js.trap.gz (97 of 131)
[2026-07-22 11:14:13] Importing w3c_device_sensor_event.js.trap.gz (98 of 131)
[2026-07-22 11:14:13] Importing w3c_dom1.js.trap.gz (99 of 131)
[2026-07-22 11:14:13] Importing w3c_dom2.js.trap.gz (100 of 131)
[2026-07-22 11:14:13] Importing w3c_dom3.js.trap.gz (101 of 131)
[2026-07-22 11:14:13] Importing w3c_dom4.js.trap.gz (102 of 131)
[2026-07-22 11:14:13] Importing w3c_elementtraversal.js.trap.gz (103 of 131)
[2026-07-22 11:14:13] Importing w3c_encoding.js.trap.gz (104 of 131)
[2026-07-22 11:14:13] Importing w3c_event.js.trap.gz (105 of 131)
[2026-07-22 11:14:13] Importing w3c_event3.js.trap.gz (106 of 131)
[2026-07-22 11:14:13] Importing w3c_gamepad.js.trap.gz (107 of 131)
[2026-07-22 11:14:13] Importing w3c_geolocation.js.trap.gz (108 of 131)
[2026-07-22 11:14:13] Importing w3c_indexeddb.js.trap.gz (109 of 131)
[2026-07-22 11:14:13] Importing w3c_midi.js.trap.gz (110 of 131)
[2026-07-22 11:14:13] Importing w3c_navigation_timing.js.trap.gz (111 of 131)
[2026-07-22 11:14:13] Importing w3c_permissions.js.trap.gz (112 of 131)
[2026-07-22 11:14:13] Importing w3c_pointer_events.js.trap.gz (113 of 131)
[2026-07-22 11:14:13] Importing w3c_range.js.trap.gz (114 of 131)
[2026-07-22 11:14:13] Importing w3c_requestidlecallback.js.trap.gz (115 of 131)
[2026-07-22 11:14:13] Importing w3c_rtc.js.trap.gz (116 of 131)
[2026-07-22 11:14:13] Importing w3c_screen_orientation.js.trap.gz (117 of 131)
[2026-07-22 11:14:13] Importing w3c_selectors.js.trap.gz (118 of 131)
[2026-07-22 11:14:13] Importing w3c_serviceworker.js.trap.gz (119 of 131)
[2026-07-22 11:14:13] Importing w3c_touch_event.js.trap.gz (120 of 131)
[2026-07-22 11:14:13] Importing w3c_webcrypto.js.trap.gz (121 of 131)
[2026-07-22 11:14:13] Importing w3c_xml.js.trap.gz (122 of 131)
[2026-07-22 11:14:13] Importing webgl.js.trap.gz (123 of 131)
[2026-07-22 11:14:13] Importing webkit_css.js.trap.gz (124 of 131)
[2026-07-22 11:14:13] Importing webkit_dom.js.trap.gz (125 of 131)
[2026-07-22 11:14:13] Importing webkit_event.js.trap.gz (126 of 131)
[2026-07-22 11:14:13] Importing webkit_notifications.js.trap.gz (127 of 131)
[2026-07-22 11:14:13] Importing webkit_usercontent.js.trap.gz (128 of 131)
[2026-07-22 11:14:13] Importing webstorage.js.trap.gz (129 of 131)
[2026-07-22 11:14:13] Importing whatwg_encoding.js.trap.gz (130 of 131)
[2026-07-22 11:14:13] Importing window.js.trap.gz (131 of 131)
[2026-07-22 11:14:13] [PROGRESS] dataset import> Merging relations
[2026-07-22 11:14:13] Merging 1 fragment for 'files'.
[2026-07-22 11:14:13] Merged 467 bytes for 'files'.
[2026-07-22 11:14:13] Merging 1 fragment for 'folders'.
[2026-07-22 11:14:13] Merged 109 bytes for 'folders'.
[2026-07-22 11:14:13] Merging 1 fragment for 'containerparent'.
[2026-07-22 11:14:13] Merged 399 bytes for 'containerparent'.
[2026-07-22 11:14:13] Merging 2 fragments for 'locations_default'.
[2026-07-22 11:14:13] Merged 821979 bytes (802.71 KiB) for 'locations_default'.
[2026-07-22 11:14:13] Merging 3 fragments for 'hasLocation'.
[2026-07-22 11:14:13] Merged 524264 bytes (511.98 KiB) for 'hasLocation'.
[2026-07-22 11:14:13] Merging 1 fragment for 'extraction_data'.
[2026-07-22 11:14:13] Merged 586 bytes for 'extraction_data'.
[2026-07-22 11:14:13] Merging 1 fragment for 'yaml_scalars'.
[2026-07-22 11:14:13] Merged 240 bytes for 'yaml_scalars'.
[2026-07-22 11:14:13] Merging 1 fragment for 'yaml'.
[2026-07-22 11:14:13] Merged 836 bytes for 'yaml'.
[2026-07-22 11:14:13] Merging 1 fragment for 'yaml_locations'.
[2026-07-22 11:14:13] Merged 288 bytes for 'yaml_locations'.
[2026-07-22 11:14:13] Merging 1 fragment for 'numlines'.
[2026-07-22 11:14:13] Merged 1702 bytes (1.66 KiB) for 'numlines'.
[2026-07-22 11:14:13] Merging 1 fragment for 'filetype'.
[2026-07-22 11:14:13] Merged 275 bytes for 'filetype'.
[2026-07-22 11:14:13] Merging 1 fragment for 'extraction_time'.
[2026-07-22 11:14:13] Merged 15171 bytes (14.82 KiB) for 'extraction_time'.
[2026-07-22 11:14:13] Merging 1 fragment for 'scopes'.
[2026-07-22 11:14:13] Merged 4234 bytes (4.13 KiB) for 'scopes'.
[2026-07-22 11:14:13] Merging 1 fragment for 'xmlElements'.
[2026-07-22 11:14:13] Merged 181 bytes for 'xmlElements'.
[2026-07-22 11:14:13] Merging 1 fragment for 'xmllocations'.
[2026-07-22 11:14:13] Merged 160 bytes for 'xmllocations'.
[2026-07-22 11:14:13] Merging 1 fragment for 'xmlAttrs'.
[2026-07-22 11:14:13] Merged 276 bytes for 'xmlAttrs'.
[2026-07-22 11:14:13] Merging 1 fragment for 'json'.
[2026-07-22 11:14:13] Merged 463 bytes for 'json'.
[2026-07-22 11:14:13] Merging 1 fragment for 'json_locations'.
[2026-07-22 11:14:13] Merged 193 bytes for 'json_locations'.
[2026-07-22 11:14:13] Merging 1 fragment for 'json_literals'.
[2026-07-22 11:14:13] Merged 277 bytes for 'json_literals'.
[2026-07-22 11:14:13] Merging 1 fragment for 'json_properties'.
[2026-07-22 11:14:13] Merged 218 bytes for 'json_properties'.
[2026-07-22 11:14:13] Merging 1 fragment for 'xmlComments'.
[2026-07-22 11:14:13] Merged 62 bytes for 'xmlComments'.
[2026-07-22 11:14:13] Merging 1 fragment for 'indentation'.
[2026-07-22 11:14:13] Merged 27234 bytes (26.60 KiB) for 'indentation'.
[2026-07-22 11:14:13] Merging 1 fragment for 'tokeninfo'.
[2026-07-22 11:14:13] Merged 459332 bytes (448.57 KiB) for 'tokeninfo'.
[2026-07-22 11:14:13] Merging 1 fragment for 'toplevels'.
[2026-07-22 11:14:13] Merged 253 bytes for 'toplevels'.
[2026-07-22 11:14:13] Merging 1 fragment for 'scopenodes'.
[2026-07-22 11:14:13] Merged 8447 bytes (8.25 KiB) for 'scopenodes'.
[2026-07-22 11:14:13] Merging 1 fragment for 'scopenesting'.
[2026-07-22 11:14:13] Merged 4467 bytes (4.36 KiB) for 'scopenesting'.
[2026-07-22 11:14:13] Merging 1 fragment for 'is_module'.
[2026-07-22 11:14:13] Merged 105 bytes for 'is_module'.
[2026-07-22 11:14:13] Merging 1 fragment for 'is_es2015_module'.
[2026-07-22 11:14:13] Merged 35 bytes for 'is_es2015_module'.
[2026-07-22 11:14:13] Merging 1 fragment for 'variables'.
[2026-07-22 11:14:13] Merged 50935 bytes (49.74 KiB) for 'variables'.
[2026-07-22 11:14:13] Merging 1 fragment for 'local_type_names'.
[2026-07-22 11:14:13] Merged 164 bytes for 'local_type_names'.
[2026-07-22 11:14:13] Merging 1 fragment for 'local_namespace_names'.
[2026-07-22 11:14:13] Merged 155 bytes for 'local_namespace_names'.
[2026-07-22 11:14:13] Merging 1 fragment for 'stmts'.
[2026-07-22 11:14:13] Merged 103152 bytes (100.73 KiB) for 'stmts'.
[2026-07-22 11:14:13] Merging 1 fragment for 'stmt_containers'.
[2026-07-22 11:14:13] Merged 47062 bytes (45.96 KiB) for 'stmt_containers'.
[2026-07-22 11:14:13] Merging 1 fragment for 'exprs'.
[2026-07-22 11:14:13] Merged 416355 bytes (406.60 KiB) for 'exprs'.
[2026-07-22 11:14:13] Merging 1 fragment for 'enclosing_stmt'.
[2026-07-22 11:14:13] Merged 84233 bytes (82.26 KiB) for 'enclosing_stmt'.
[2026-07-22 11:14:13] Merging 1 fragment for 'expr_containers'.
[2026-07-22 11:14:13] Merged 93138 bytes (90.96 KiB) for 'expr_containers'.
[2026-07-22 11:14:13] Merging 1 fragment for 'literals'.
[2026-07-22 11:14:13] Merged 71778 bytes (70.10 KiB) for 'literals'.
[2026-07-22 11:14:13] Merging 1 fragment for 'regexpterm'.
[2026-07-22 11:14:13] Merged 882 bytes for 'regexpterm'.
[2026-07-22 11:14:13] Merging 1 fragment for 'regexp_const_value'.
[2026-07-22 11:14:13] Merged 304 bytes for 'regexp_const_value'.
[2026-07-22 11:14:13] Merging 1 fragment for 'decl'.
[2026-07-22 11:14:13] Merged 13502 bytes (13.19 KiB) for 'decl'.
[2026-07-22 11:14:13] Merging 1 fragment for 'typedecl'.
[2026-07-22 11:14:13] Merged 114 bytes for 'typedecl'.
[2026-07-22 11:14:13] Merging 1 fragment for 'namespacedecl'.
[2026-07-22 11:14:13] Merged 108 bytes for 'namespacedecl'.
[2026-07-22 11:14:13] Merging 1 fragment for 'properties'.
[2026-07-22 11:14:13] Merged 668 bytes for 'properties'.
[2026-07-22 11:14:13] Merging 1 fragment for 'bind'.
[2026-07-22 11:14:13] Merged 14924 bytes (14.57 KiB) for 'bind'.
[2026-07-22 11:14:13] Merging 1 fragment for 'is_arguments_object'.
[2026-07-22 11:14:13] Merged 4020 bytes (3.93 KiB) for 'is_arguments_object'.
[2026-07-22 11:14:13] Merging 1 fragment for 'entry_cfg_node'.
[2026-07-22 11:14:13] Merged 8990 bytes (8.78 KiB) for 'entry_cfg_node'.
[2026-07-22 11:14:13] Merging 1 fragment for 'exit_cfg_node'.
[2026-07-22 11:14:13] Merged 8990 bytes (8.78 KiB) for 'exit_cfg_node'.
[2026-07-22 11:14:13] Merging 1 fragment for 'successor'.
[2026-07-22 11:14:13] Merged 167761 bytes (163.83 KiB) for 'successor'.
[2026-07-22 11:14:13] Merging 1 fragment for 'guard_node'.
[2026-07-22 11:14:13] Merged 143 bytes for 'guard_node'.
[2026-07-22 11:14:13] Merging 1 fragment for 'is_method'.
[2026-07-22 11:14:13] Merged 31 bytes for 'is_method'.
[2026-07-22 11:14:13] Merging 1 fragment for 'has_rest_parameter'.
[2026-07-22 11:14:13] Merged 25 bytes for 'has_rest_parameter'.
[2026-07-22 11:14:13] Merging 1 fragment for 'typebind'.
[2026-07-22 11:14:13] Merged 35 bytes for 'typebind'.
[2026-07-22 11:14:13] Merging 1 fragment for 'comments'.
[2026-07-22 11:14:13] Merged 37314 bytes (36.44 KiB) for 'comments'.
[2026-07-22 11:14:13] Merging 1 fragment for 'next_token'.
[2026-07-22 11:14:13] Merged 20377 bytes (19.90 KiB) for 'next_token'.
[2026-07-22 11:14:13] Merging 1 fragment for 'isOptionalChaining'.
[2026-07-22 11:14:13] Merged 22 bytes for 'isOptionalChaining'.
[2026-07-22 11:14:13] Merging 1 fragment for 'array_size'.
[2026-07-22 11:14:13] Merged 31 bytes for 'array_size'.
[2026-07-22 11:14:13] Merging 1 fragment for 'sourceLocationPrefix'.
[2026-07-22 11:14:13] Merged 17 bytes for 'sourceLocationPrefix'.
[2026-07-22 11:14:13] Merging 1 fragment for 'jsdoc'.
[2026-07-22 11:14:13] Merged 20253 bytes (19.78 KiB) for 'jsdoc'.
[2026-07-22 11:14:13] Merging 1 fragment for 'jsdoc_tags'.
[2026-07-22 11:14:13] Merged 100731 bytes (98.37 KiB) for 'jsdoc_tags'.
[2026-07-22 11:14:13] Merging 1 fragment for 'jsdoc_tag_descriptions'.
[2026-07-22 11:14:13] Merged 7319 bytes (7.15 KiB) for 'jsdoc_tag_descriptions'.
[2026-07-22 11:14:13] Merging 1 fragment for 'jsdoc_tag_names'.
[2026-07-22 11:14:13] Merged 14489 bytes (14.15 KiB) for 'jsdoc_tag_names'.
[2026-07-22 11:14:13] Merging 1 fragment for 'jsdoc_type_exprs'.
[2026-07-22 11:14:13] Merged 127451 bytes (124.46 KiB) for 'jsdoc_type_exprs'.
[2026-07-22 11:14:13] Merging 1 fragment for 'is_externs'.
[2026-07-22 11:14:13] Merged 224 bytes for 'is_externs'.
[2026-07-22 11:14:13] Merging 1 fragment for 'jsdoc_prefix_qualifier'.
[2026-07-22 11:14:13] Merged 1894 bytes (1.85 KiB) for 'jsdoc_prefix_qualifier'.
[2026-07-22 11:14:13] Merging 1 fragment for 'jsdoc_errors'.
[2026-07-22 11:14:13] Merged 1139 bytes (1.11 KiB) for 'jsdoc_errors'.
[2026-07-22 11:14:13] Merging 1 fragment for 'jsdoc_record_field_name'.
[2026-07-22 11:14:13] Merged 1606 bytes (1.57 KiB) for 'jsdoc_record_field_name'.
[2026-07-22 11:14:13] Merging 1 fragment for 'jsdoc_has_new_parameter'.
[2026-07-22 11:14:13] Merged 35 bytes for 'jsdoc_has_new_parameter'.
[2026-07-22 11:14:13] Merging 1 fragment for 'is_nodejs'.
[2026-07-22 11:14:13] Merged 86 bytes for 'is_nodejs'.
[2026-07-22 11:14:13] Saving string and id pools to disk.
[2026-07-22 11:14:14] Finished importing TRAP files.
[2026-07-22 11:14:14] Read 44.43 MiB of uncompressed TRAP data.
[2026-07-22 11:14:14] Uncompressed relation data size: 13.62 MiB
[2026-07-22 11:14:14] Relation data size: 3.14 MiB (merge rate: 8.09 MiB/s)
[2026-07-22 11:14:14] String pool size: 4.78 MiB
[2026-07-22 11:14:14] ID pool size: 13.00 MiB
[2026-07-22 11:14:14] [PROGRESS] dataset import> Finished writing database (relations: 3.14 MiB; string pool: 4.78 MiB).
[2026-07-22 11:14:14] Pausing evaluation to close the cache at sequence stamp o+145
[2026-07-22 11:14:14] The disk cache is freshly trimmed; leave it be.
[2026-07-22 11:14:14] Unpausing evaluation
[2026-07-22 11:14:14] Plumbing command codeql dataset import completed.
[2026-07-22 11:14:14] [PROGRESS] database finalize> TRAP import complete (2.8s).
[2026-07-22 11:14:14] Running plumbing command: codeql database cleanup -- /Users/martin/Projects/open_weather_redux/codeql-db
[2026-07-22 11:14:14] [PROGRESS] database cleanup> Cleaning up existing TRAP files after import...
[2026-07-22 11:14:14] [PROGRESS] database cleanup> TRAP files cleaned up (90ms).
[2026-07-22 11:14:14] [PROGRESS] database cleanup> Cleaning up scratch directory...
[2026-07-22 11:14:14] [PROGRESS] database cleanup> Scratch directory cleaned up (0ms).
[2026-07-22 11:14:14] Running plumbing command: codeql dataset cleanup -- /Users/martin/Projects/open_weather_redux/codeql-db/db-javascript
[2026-07-22 11:14:14] [PROGRESS] dataset cleanup> Cleaning up dataset in /Users/martin/Projects/open_weather_redux/codeql-db/db-javascript.
[2026-07-22 11:14:14] Trimming disk cache at /Users/martin/Projects/open_weather_redux/codeql-db/db-javascript/default/cache in mode trim.
[2026-07-22 11:14:14] Sequence stamp origin is -5888468648738822534
[2026-07-22 11:14:14] Pausing evaluation to quickly trim memory at sequence stamp o+0
[2026-07-22 11:14:14] Unpausing evaluation
[2026-07-22 11:14:14] Pausing evaluation to zealously trim disk at sequence stamp o+1
[2026-07-22 11:14:14] Unpausing evaluation
[2026-07-22 11:14:14] Trimming completed (2ms): Trimmed disposable data from cache.
[2026-07-22 11:14:14] Pausing evaluation to close the cache at sequence stamp o+2
[2026-07-22 11:14:14] The disk cache is freshly trimmed; leave it be.
[2026-07-22 11:14:14] Unpausing evaluation
[2026-07-22 11:14:14] [PROGRESS] dataset cleanup> Trimmed disposable data from cache.
[2026-07-22 11:14:14] [PROGRESS] dataset cleanup> Finalizing dataset in /Users/martin/Projects/open_weather_redux/codeql-db/db-javascript
[2026-07-22 11:14:14] [DETAILS] dataset cleanup> Finished deleting ID pool from /Users/martin/Projects/open_weather_redux/codeql-db/db-javascript (4ms).
[2026-07-22 11:14:14] Plumbing command codeql dataset cleanup completed.
[2026-07-22 11:14:14] Plumbing command codeql database cleanup completed with status 0.
[2026-07-22 11:14:14] [PROGRESS] database finalize> Finished zipping source archive (334.35 KiB).
[2026-07-22 11:14:14] Plumbing command codeql database finalize completed.
[2026-07-22 11:14:14] [PROGRESS] database create> Successfully created database at /Users/martin/Projects/open_weather_redux/codeql-db.
[2026-07-22 11:14:14] Terminating normally.
